|08░░░░░░░░░░░░░░░░░░░░░░░░░░░░░░░░░░░░░░░░░░░░░░░░░░░░░░░░░░░░░░░░░░░░░░░░░░░░
|01  ▄▄▄▄▄   |03▄▄▄▄▄  |11▄▄▄▄▄  |15▄▄▄▄▄    |11▄▄▄▄▄  |03▄  ▄ |01▄▄▄▄▄▄
|01  █    █  |03█     █ |11█     █ |15█    ██   |11█    █ |03█  █ |01█
|03  █  ▄▄█  |11█     █ |15█     █ |11█    ██   |15█▄▄▄▀  |11████ |03████
|03  █    █  |11█     █ |15█     █ |11█    ██   |15█    █ |11█  █ |03█
|01  ▀▀▀▀▀   |03▀▀▀▀▀  |11▀▀▀▀▀  |15▀▀▀▀▀▀   |11▀▀▀▀▀  |03▀  ▀ |01▀▀▀▀▀▀
|08
|08   ┌──────────────────────────────────────────────────────────────────┐
|01   │ |03T h e   s i g n a l   f a d e s . . . |08C o m e   b a c k   s o o n .|01 │
|08   └──────────────────────────────────────────────────────────────────┘