|08───────────────────────────────────────────────────────────────────────────
|11     _  _ _____      __  _   _ ___ ___ ___
|15    | \| | __\ \    / / | | | / __| __| _ \
|11    | .` | _| \ \/\/ /  | |_| \__ \ _||   /
|03    |_|\_|___| \_/\_/    \___/|___/___|_|_\
|08───────────────────────────────────────────────────────────────────────────